// Jest Snapshot v1, https://goo.gl/fbAQLP

exports[`<GridMinesContainer /> should render and match the snapshot 1`] = `
<div>
  <div
    class="sc-bdVaJa hugSdd"
    data-testid="grid-mines"
  />
</div>
`;
