// Jest Snapshot v1, https://goo.gl/fbAQLP

exports[`<App /> App should match the snapshot 1`] = `
<div>
  <div
    class="sc-bdVaJa khUSez"
  >
    <h1
      class="sc-bwzfXH bszZAY"
    >
      Mini MineSweeper
    </h1>
  </div>
</div>
`;
