// Jest Snapshot v1, https://goo.gl/fbAQLP

exports[`<Button /> Button should match the snapshot 1`] = `
<div>
  <button
    class="sc-bdVaJa gCtIyx"
  />
</div>
`;
