// Jest Snapshot v1, https://goo.gl/fbAQLP

exports[`<ButtonGroup /> should match the snapshot 1`] = `
<div>
  <div
    class="sc-bdVaJa hWdoSm"
  />
</div>
`;
